adder16_6: au_top_0__GC0, 
case__6: autotester_2__GB0, 
boolean16_8: au_top_0__GC0, 
logic__11: au_top_0__GC0, 
autotester_2__GB1: autotester_2__GB1, 
case__7: autotester_2__GB2, 
case__13: au_top_0__GC0, 
case__11: au_top_0__GC0, 
shifter16_9: au_top_0__GC0, 
counter: autotester_2__GB1, 
logic__6: au_top_0__GC0, 
case__5: autotester_2__GB1, 
au_top_0__GC0: au_top_0__GC0, 
logic__40: autotester_2__GB1, 
dsp48e1__5: autotester_2__GB0, 
autotester_2__GB2: autotester_2__GB2, 
logic__18: au_top_0__GC0, 
and2_16: au_top_0__GC0, 
reset_conditioner_3: au_top_0__GC0, 
dsp48e1__4: autotester_2__GB1, 
case__15: au_top_0__GC0, 
logic__29: autotester_2__GB1, 
logic__26: au_top_0__GC0, 
logic__47: au_top_0__GC0, 
alu_1: au_top_0__GC0, 
compare16_11: au_top_0__GC0, 
basic_add6_14: autotester_2__GB0, 
case__12: au_top_0__GC0, 
xor2_19: au_top_0__GC0, autotester_2__GB1, 
logic__19: au_top_0__GC0, autotester_2__GB1, 
dsp48e1__6: autotester_2__GB2, 
datapath: au_top_0__GC0, 
autotester_2__GB0: autotester_2__GB0, 
case: au_top_0__GC0, 
logic__32: autotester_2__GB1, 
dsp48e1__3: autotester_2__GB1, 
two_compliment16_18: au_top_0__GC0, 
basic_add16_17: au_top_0__GC0, 
case__3: autotester_2__GB1, 
reg__1: au_top_0__GC0, 
logic__27: au_top_0__GC0, 
mux2_5: au_top_0__GC0, autotester_2__GB1, 
logic__28: au_top_0__GC0, 
logic__10: au_top_0__GC0, 
case__2: autotester_2__GB0, 
case__14: au_top_0__GC0, 
case__8: au_top_0__GC0, 
dsp48e1: autotester_2__GB0, 
dsp48e1__2: autotester_2__GB1, 
reg: autotester_2__GB0, 
logic: au_top_0__GC0, autotester_2__GB0, 
counter_12: autotester_2__GB1, 
case__16: au_top_0__GC0, 
dsp48e1__1: autotester_2__GB0, 
multiplier16_7: au_top_0__GC0, 
logic__25: au_top_0__GC0, autotester_2__GB1, 
logic__1: au_top_0__GC0, autotester_2__GB0, 
case__4: autotester_2__GB1, 
case__1: autotester_2__GB0, 
case__10: au_top_0__GC0, 
divider16_10: au_top_0__GC0, 
full_adder_15: au_top_0__GC0, autotester_2__GB0, 
logic__24: au_top_0__GC0, 
equal16_13: autotester_2__GB1, 
mux4_4: au_top_0__GC0, autotester_2__GB1, 
case__9: au_top_0__GC0, 
