logic__211: logic__19
full_adder_15__7: full_adder_15
case__13: case__13
logic__490: logic
mux2_5__279: mux2_5
full_adder_15__255: full_adder_15
xor2_19__63: xor2_19
logic__303: logic__19
logic__475: logic__1
full_adder_15__110: full_adder_15
logic__1017: logic__25
logic__320: logic__19
basic_add16_17__9: basic_add16_17
logic__95: logic__19
mux2_5__104: mux2_5
logic__1133: logic__18
logic__747: logic__1
logic__556: logic
logic__611: logic__1
mux2_5__106: mux2_5
full_adder_15__277: full_adder_15
logic__604: logic
and2_16__87: and2_16
logic__991: logic__1
logic__817: logic__1
logic__830: logic
full_adder_15__43: full_adder_15
logic__70: logic__25
logic__230: logic__19
full_adder_15__251: full_adder_15
logic__479: logic__1
full_adder_15__168: full_adder_15
xor2_19__17: xor2_19
full_adder_15__157: full_adder_15
mux2_5__63: mux2_5
and2_16__26: and2_16
mux4_4__38: mux4_4
mux2_5__178: mux2_5
logic__1079: logic__18
full_adder_15__125: full_adder_15
logic__77: logic__19
mux2_5__277: mux2_5
logic__629: logic__1
mux2_5__100: mux2_5
mux2_5__112: mux2_5
mux4_4__11: mux4_4
and2_16__9: and2_16
logic__529: logic__1
case__5: case__5
logic__167: logic__19
and2_16__79: and2_16
full_adder_15__155: full_adder_15
and2_16__55: and2_16
logic__968: logic__25
full_adder_15__195: full_adder_15
logic__123: logic__19
logic__889: logic__1
mux2_5__291: mux2_5
case__7: case__7
xor2_19: xor2_19
full_adder_15__295: full_adder_15
and2_16__110: and2_16
logic__969: logic__25
xor2_19__11: xor2_19
logic__538: logic
logic__1050: logic
full_adder_15__266: full_adder_15
full_adder_15__107: full_adder_15
mux2_5__14: mux2_5
and2_16__62: and2_16
mux4_4__14: mux4_4
and2_16__24: and2_16
logic__980: logic
full_adder_15__6: full_adder_15
mux2_5__211: mux2_5
logic__118: logic__19
logic__922: logic
full_adder_15__216: full_adder_15
basic_add16_17__6: basic_add16_17
reg__1: reg__1
logic__1121: logic__18
logic__152: logic__19
logic__276: logic__19
mux2_5__66: mux2_5
logic__957: logic__25
autotester_2__GB0: autotester_2__GB0
logic__998: logic
full_adder_15__269: full_adder_15
mux2_5__35: mux2_5
logic__402: logic__25
logic__788: logic
logic__668: logic
logic__301: logic__19
logic__432: logic
logic__853: logic__1
and2_16__76: and2_16
full_adder_15__193: full_adder_15
full_adder_15__236: full_adder_15
logic__811: logic__1
full_adder_15__201: full_adder_15
logic__662: logic
logic__235: logic__19
mux2_5__22: mux2_5
and2_16__149: and2_16
logic__975: logic__1
logic__124: logic__19
logic__382: logic__19
mux2_5__142: mux2_5
mux4_4__32: mux4_4
logic__875: logic__1
case__9: case__9
logic__1179: logic__18
logic__751: logic__1
logic__521: logic__1
logic__331: logic__19
mux2_5__196: mux2_5
full_adder_15__85: full_adder_15
mux2_5__15: mux2_5
full_adder_15__138: full_adder_15
logic__200: logic__19
mux2_5__269: mux2_5
logic__445: logic__1
logic__695: logic__1
mux2_5__146: mux2_5
logic__58: logic__1
and2_16__92: and2_16
and2_16__68: and2_16
full_adder_15__165: full_adder_15
logic__430: logic
full_adder_15__171: full_adder_15
full_adder_15__234: full_adder_15
mux4_4__15: mux4_4
logic__683: logic__1
logic__100: logic__19
logic__551: logic__1
logic__632: logic
logic__719: logic__1
and2_16__8: and2_16
mux4_4__27: mux4_4
logic__634: logic
logic__965: logic__25
logic__248: logic__19
logic__178: logic__19
logic__868: logic
logic__1002: logic
logic__1103: logic__18
basic_add16_17__11: basic_add16_17
full_adder_15__299: full_adder_15
logic__349: logic__19
full_adder_15__237: full_adder_15
logic__270: logic__19
logic__547: logic__1
logic__282: logic__19
logic__133: logic__19
logic__842: logic
logic__775: logic__1
au_top_0__GC0: au_top_0__GC0
logic__66: logic__25
logic__47: logic__47
logic__583: logic__1
logic__736: logic
logic__638: logic
logic__442: logic
logic__464: logic
logic__137: logic__19
logic__806: logic
logic__466: logic
logic__615: logic__1
logic__749: logic__1
logic__994: logic
logic__933: logic__1
logic__540: logic
logic__90: logic__19
full_adder_15__214: full_adder_15
logic__728: logic
and2_16__43: and2_16
logic__982: logic
logic__677: logic__1
logic__496: logic
logic__318: logic__19
mux2_5__188: mux2_5
logic__192: logic__19
logic__1173: logic__18
full_adder_15__179: full_adder_15
logic__971: logic__1
logic__345: logic__19
logic__422: logic
and2_16__34: and2_16
mux2_5__78: mux2_5
mux2_5__189: mux2_5
full_adder_15__246: full_adder_15
mux2_5__4: mux2_5
logic__550: logic
logic__165: logic__19
logic__352: logic__19
logic__938: logic
logic__1082: logic__18
full_adder_15__262: full_adder_15
mux4_4__36: mux4_4
logic__1096: logic__18
mux2_5__151: mux2_5
logic__454: logic
full_adder_15__49: full_adder_15
mux2_5__274: mux2_5
and2_16__80: and2_16
logic__1105: logic__18
logic__688: logic
mux2_5__93: mux2_5
logic__795: logic__1
and2_16__82: and2_16
xor2_19__62: xor2_19
mux2_5__247: mux2_5
logic__437: logic__1
and2_16__21: and2_16
logic__217: logic__19
and2_16__131: and2_16
mux2_5__96: mux2_5
logic__1109: logic__18
logic__417: logic__1
full_adder_15__259: full_adder_15
and2_16__119: and2_16
full_adder_15__119: full_adder_15
logic__648: logic
mux2_5__212: mux2_5
logic__782: logic
xor2_19__15: xor2_19
mux2_5__237: mux2_5
mux2_5__111: mux2_5
logic__709: logic__1
mux2_5__157: mux2_5
logic__768: logic
logic__576: logic
mux2_5__272: mux2_5
logic__368: logic__19
logic__264: logic__19
logic__456: logic
mux2_5__287: mux2_5
logic__319: logic__19
logic__194: logic__19
and2_16__46: and2_16
xor2_19__39: xor2_19
logic__872: logic
mux2_5__134: mux2_5
and2_16__106: and2_16
logic__803: logic__1
xor2_19__26: xor2_19
logic__498: logic
logic__973: logic__1
logic__567: logic__1
logic__791: logic__1
logic__748: logic
logic__113: logic__19
logic__65: logic__25
logic__135: logic__19
full_adder_15__166: full_adder_15
logic__1168: logic__18
full_adder_15__14: full_adder_15
full_adder_15__139: full_adder_15
logic__696: logic
mux2_5__31: mux2_5
logic__1008: logic__25
logic__698: logic
full_adder_15__184: full_adder_15
mux2_5__65: mux2_5
xor2_19__61: xor2_19
and2_16__124: and2_16
mux2_5__32: mux2_5
full_adder_15__122: full_adder_15
full_adder_15__55: full_adder_15
full_adder_15__254: full_adder_15
logic__530: logic
and2_16__142: and2_16
logic__213: logic__19
mux2_5__102: mux2_5
logic__60: logic__25
and2_16__49: and2_16
xor2_19__25: xor2_19
mux2_5__282: mux2_5
and2_16__52: and2_16
logic__659: logic__1
logic__493: logic__1
logic__890: logic
logic__169: logic__19
logic__398: logic__25
logic__961: logic__25
full_adder_15__280: full_adder_15
mux2_5__236: mux2_5
logic__57: logic
mux2_5__198: mux2_5
logic__423: logic__1
and2_16__23: and2_16
logic__71: logic__25
logic__861: logic__1
full_adder_15__93: full_adder_15
full_adder_15__114: full_adder_15
logic__388: logic__19
full_adder_15__158: full_adder_15
full_adder_15__192: full_adder_15
logic__924: logic
logic__11: logic__11
logic__431: logic__1
xor2_19__58: xor2_19
logic__177: logic__19
full_adder_15__226: full_adder_15
full_adder_15__72: full_adder_15
mux2_5__281: mux2_5
mux2_5__55: mux2_5
logic__900: logic
xor2_19__24: xor2_19
logic__656: logic
mux4_4__9: mux4_4
logic__1131: logic__18
and2_16__150: and2_16
full_adder_15__135: full_adder_15
full_adder_15__78: full_adder_15
full_adder_15__257: full_adder_15
logic__148: logic__19
logic__903: logic__1
logic__705: logic__1
and2_16__117: and2_16
logic__419: logic__1
full_adder_15__147: full_adder_15
logic__468: logic
logic__139: logic__19
logic__470: logic
full_adder_15__94: full_adder_15
logic__1056: logic__18
logic__907: logic__1
logic__1084: logic__18
basic_add16_17__7: basic_add16_17
mux2_5__296: mux2_5
mux2_5__295: mux2_5
logic__79: logic__19
mux2_5__299: mux2_5
mux2_5__9: mux2_5
mux2_5__253: mux2_5
logic__51: logic
logic__372: logic__19
logic__1154: logic__18
logic__874: logic
logic__54: logic__1
logic__919: logic__1
logic__134: logic__19
logic__1107: logic__18
logic__114: logic__19
and2_16__18: and2_16
logic__796: logic
logic__6: logic__6
mux2_5__49: mux2_5
mux2_5__231: mux2_5
logic__440: logic
mux2_5__11: mux2_5
logic__818: logic
mux2_5__210: mux2_5
full_adder_15__183: full_adder_15
full_adder_15__146: full_adder_15
logic__862: logic
full_adder_15__120: full_adder_15
mux4_4__4: mux4_4
xor2_19__51: xor2_19
logic__244: logic__19
mux2_5__234: mux2_5
logic__946: logic
logic__682: logic
case__11: case__11
logic__74: logic__25
logic__797: logic__1
full_adder_15__268: full_adder_15
logic__627: logic__1
full_adder_15__282: full_adder_15
mux2_5__251: mux2_5
logic__313: logic__19
logic__947: logic__1
logic__1041: logic__1
mux2_5__118: mux2_5
logic__458: logic
full_adder_15__291: full_adder_15
mux2_5__21: mux2_5
xor2_19__21: xor2_19
full_adder_15__126: full_adder_15
and2_16__74: and2_16
full_adder_15__243: full_adder_15
mux2_5__90: mux2_5
logic__452: logic
mux4_4__31: mux4_4
full_adder_15__260: full_adder_15
logic__1044: logic
logic__208: logic__19
full_adder_15__76: full_adder_15
mux2_5__92: mux2_5
logic__159: logic__19
mux2_5__38: mux2_5
logic__912: logic
and2_16__50: and2_16
logic__392: logic__19
logic__407: logic__25
mux2_5__69: mux2_5
mux4_4__37: mux4_4
logic__646: logic
xor2_19__45: xor2_19
logic__858: logic
and2_16__83: and2_16
logic__503: logic__1
logic__815: logic__1
xor2_19__48: xor2_19
mux2_5__215: mux2_5
full_adder_15__245: full_adder_15
logic__877: logic__1
and2_16__44: and2_16
full_adder_15__176: full_adder_15
logic__917: logic__1
logic__993: logic__1
logic__1169: logic__18
logic__706: logic
logic__73: logic__25
mux2_5__155: mux2_5
and2_16__134: and2_16
and2_16__118: and2_16
mux2_5__147: mux2_5
logic__560: logic
logic__1187: logic__18
full_adder_15__63: full_adder_15
full_adder_15__272: full_adder_15
mux2_5__317: mux2_5
logic__245: logic__19
logic__421: logic__1
logic__188: logic__19
full_adder_15__242: full_adder_15
logic__578: logic
logic__685: logic__1
full_adder_15__50: full_adder_15
logic__224: logic__19
logic__925: logic__1
mux2_5__91: mux2_5
logic__130: logic__19
logic__321: logic__19
xor2_19__42: xor2_19
logic__161: logic__19
logic__1199: logic__18
logic__774: logic
autotester_2__GB2: autotester_2__GB2
mux2_5__152: mux2_5
logic__305: logic__19
mux4_4__7: mux4_4
logic__582: logic
logic__396: logic__19
logic__1178: logic__18
logic__1051: logic__18
mux2_5__261: mux2_5
mux2_5__232: mux2_5
logic__916: logic
logic__959: logic__25
logic__904: logic
logic__239: logic__19
logic__647: logic__1
logic__260: logic__19
logic__1086: logic__18
logic__1139: logic__18
logic__539: logic__1
logic__727: logic__1
logic__943: logic__1
mux2_5__77: mux2_5
mux2_5__116: mux2_5
and2_16__36: and2_16
and2_16__95: and2_16
logic__299: logic__19
and2_16__3: and2_16
logic__906: logic
mux2_5__268: mux2_5
full_adder_15__170: full_adder_15
full_adder_15__140: full_adder_15
logic__849: logic__1
logic__263: logic__19
full_adder_15__232: full_adder_15
logic__1176: logic__18
logic__743: logic__1
full_adder_15__141: full_adder_15
logic__785: logic__1
full_adder_15__283: full_adder_15
mux2_5__130: mux2_5
full_adder_15__29: full_adder_15
mux2_5__84: mux2_5
full_adder_15__159: full_adder_15
logic__433: logic__1
logic__964: logic__25
logic__250: logic__19
logic__664: logic
logic__381: logic__19
logic__602: logic
logic__670: logic
logic__197: logic__19
logic__570: logic
mux2_5__143: mux2_5
full_adder_15__151: full_adder_15
logic__506: logic
logic__960: logic__25
logic__56: logic__1
logic__1165: logic__18
logic__439: logic__1
full_adder_15__21: full_adder_15
logic__846: logic
logic__1111: logic__18
logic__399: logic__25
logic__261: logic__19
logic__220: logic__19
logic__1140: logic__18
logic__1181: logic__18
logic__605: logic__1
logic__1006: logic__25
full_adder_15__12: full_adder_15
logic__848: logic
logic__781: logic__1
logic__469: logic__1
logic__608: logic
mux4_4__35: mux4_4
full_adder_15__47: full_adder_15
logic__1171: logic__18
logic__482: logic
logic__343: logic__19
logic__1119: logic__18
dsp48e1__4: dsp48e1__4
logic__937: logic__1
logic__528: logic
full_adder_15__56: full_adder_15
mux2_5__137: mux2_5
logic__950: logic
logic__985: logic__1
logic__1151: logic__18
logic__826: logic
full_adder_15__96: full_adder_15
logic__988: logic
full_adder_15__206: full_adder_15
reg: reg
and2_16__148: and2_16
logic__635: logic__1
mux2_5__141: mux2_5
mux4_4__40: mux4_4
xor2_19__44: xor2_19
mux2_5__73: mux2_5
logic__375: logic__19
logic__816: logic
mux2_5__307: mux2_5
full_adder_15__60: full_adder_15
logic__1026: logic
mux2_5__144: mux2_5
logic__323: logic__19
and2_16__59: and2_16
logic__1073: logic__18
logic__729: logic__1
logic__601: logic__1
logic__359: logic__19
logic__1170: logic__18
logic__896: logic
mux2_5__16: mux2_5
basic_add16_17__15: basic_add16_17
logic__898: logic
logic__1083: logic__18
logic__153: logic__19
logic__457: logic__1
logic__865: logic__1
logic__1150: logic__18
logic__164: logic__19
logic__514: logic
full_adder_15__27: full_adder_15
full_adder_15__182: full_adder_15
xor2_19__56: xor2_19
and2_16__33: and2_16
logic__1152: logic__18
mux2_5__320: mux2_5
xor2_19__22: xor2_19
logic__621: logic__1
dsp48e1__2: dsp48e1__2
mux2_5__228: mux2_5
xor2_19__27: xor2_19
logic__1015: logic__25
mux2_5__70: mux2_5
logic__1095: logic__18
logic__814: logic
logic__1102: logic__18
logic__557: logic__1
mux2_5__292: mux2_5
mux2_5__58: mux2_5
logic__97: logic__19
full_adder_15: full_adder_15
logic__794: logic
mux2_5__300: mux2_5
full_adder_15__265: full_adder_15
logic__940: logic
logic__726: logic
mux2_5__240: mux2_5
logic__941: logic__1
logic__183: logic__19
logic__294: logic__19
logic__755: logic__1
logic__324: logic__19
logic__680: logic
mux2_5__235: mux2_5
and2_16__67: and2_16
logic__820: logic
logic__361: logic__19
full_adder_15__248: full_adder_15
mux4_4__5: mux4_4
logic__175: logic__19
full_adder_15__4: full_adder_15
logic__786: logic
dsp48e1__3: dsp48e1__3
logic__1059: logic__18
and2_16__72: and2_16
logic__1000: logic
and2_16__12: and2_16
logic__329: logic__19
logic__196: logic__19
logic__812: logic
logic__1100: logic__18
logic__593: logic__1
full_adder_15__84: full_adder_15
logic__860: logic
full_adder_15__264: full_adder_15
full_adder_15__233: full_adder_15
logic__776: logic
logic__218: logic__19
xor2_19__7: xor2_19
logic__272: logic__19
logic__1047: logic__1
full_adder_15__132: full_adder_15
mux4_4__3: mux4_4
logic__918: logic
logic__172: logic__19
logic__117: logic__19
logic__625: logic__1
logic__831: logic__1
xor2_19__49: xor2_19
mux2_5__265: mux2_5
full_adder_15__190: full_adder_15
logic__678: logic
logic__173: logic__19
logic__243: logic__19
logic__681: logic__1
mux4_4__45: mux4_4
logic__575: logic__1
xor2_19__53: xor2_19
full_adder_15__149: full_adder_15
logic__589: logic__1
logic__104: logic__19
logic__541: logic__1
full_adder_15__290: full_adder_15
logic__93: logic__19
and2_16__98: and2_16
logic__770: logic
full_adder_15__42: full_adder_15
logic__346: logic__19
logic__207: logic__19
full_adder_15__219: full_adder_15
logic__373: logic__19
logic__804: logic
mux2_5__289: mux2_5
full_adder_15__116: full_adder_15
logic__1046: logic
logic__227: logic__19
mux2_5__12: mux2_5
full_adder_15__117: full_adder_15
logic__1063: logic__18
logic__722: logic
logic__1160: logic__18
logic__636: logic
logic__1066: logic__18
logic__519: logic__1
logic__441: logic__1
logic__673: logic__1
and2_16__37: and2_16
mux2_5__121: mux2_5
mux4_4__43: mux4_4
logic__237: logic__19
logic__1112: logic__18
logic__599: logic__1
logic__1182: logic__18
logic__829: logic__1
mux4_4__25: mux4_4
mux4_4__13: mux4_4
logic__333: logic__19
logic__932: logic
logic__1144: logic__18
logic__127: logic__19
logic__1077: logic__18
and2_16__136: and2_16
and2_16__30: and2_16
logic__154: logic__19
full_adder_15__41: full_adder_15
logic__617: logic__1
full_adder_15__64: full_adder_15
xor2_19__34: xor2_19
mux4_4__39: mux4_4
logic__513: logic__1
logic__92: logic__19
logic__143: logic__19
full_adder_15__1: full_adder_15
full_adder_15__45: full_adder_15
mux2_5__244: mux2_5
logic__763: logic__1
basic_add16_17__8: basic_add16_17
full_adder_15__65: full_adder_15
and2_16__77: and2_16
logic__189: logic__19
logic__663: logic__1
logic__1200: logic__18
logic__536: logic
basic_add16_17: basic_add16_17
mux2_5__10: mux2_5
logic__1157: logic__18
mux2_5__94: mux2_5
logic__520: logic
logic__569: logic__1
logic__1071: logic__18
logic__149: logic__19
mux4_4__41: mux4_4
logic__198: logic__19
mux4_4__17: mux4_4
logic__487: logic__1
logic__977: logic__1
logic__676: logic
xor2_19__32: xor2_19
dsp48e1__5: dsp48e1__5
logic__425: logic__1
logic__174: logic__19
full_adder_15__302: full_adder_15
logic__378: logic__19
full_adder_15__124: full_adder_15
full_adder_15__231: full_adder_15
logic__163: logic__19
logic__850: logic
logic__883: logic__1
mux2_5__81: mux2_5
logic__618: logic
mux2_5__5: mux2_5
logic__564: logic
mux2_5__53: mux2_5
full_adder_15__104: full_adder_15
logic__810: logic
full_adder_15__108: full_adder_15
logic__855: logic__1
logic__745: logic__1
logic__409: logic__25
full_adder_15__57: full_adder_15
logic__773: logic__1
logic__658: logic
logic__504: logic
basic_add16_17__5: basic_add16_17
logic__1065: logic__18
logic__687: logic__1
logic__291: logic__19
logic__314: logic__19
logic__147: logic__19
mux2_5__255: mux2_5
and2_16__126: and2_16
and2_16__40: and2_16
and2_16__85: and2_16
logic__377: logic__19
logic__199: logic__19
logic__339: logic__19
logic__626: logic
full_adder_15__15: full_adder_15
logic__151: logic__19
mux2_5__222: mux2_5
full_adder_15__121: full_adder_15
logic__89: logic__19
logic__756: logic
logic__934: logic
mux2_5__46: mux2_5
logic__76: logic__19
full_adder_15__211: full_adder_15
logic__984: logic
basic_add16_17__14: basic_add16_17
mux2_5__34: mux2_5
logic__1013: logic__25
logic__448: logic
logic__278: logic__19
logic__157: logic__19
mux2_5__54: mux2_5
mux2_5__138: mux2_5
datapath: datapath
logic__1193: logic__18
logic__579: logic__1
mux2_5__173: mux2_5
full_adder_15__131: full_adder_15
logic__721: logic__1
mux2_5__105: mux2_5
logic__350: logic__19
logic__55: logic
logic__1134: logic__18
basic_add6_14: basic_add6_14
logic__1104: logic__18
logic__1106: logic__18
logic__438: logic
xor2_19__6: xor2_19
full_adder_15__207: full_adder_15
logic__931: logic__1
logic__665: logic__1
mux4_4__46: mux4_4
logic__777: logic__1
logic: logic
logic__1034: logic
logic__1166: logic__18
logic__358: logic__19
and2_16__64: and2_16
mux2_5__115: mux2_5
logic__332: logic__19
logic__1185: logic__18
full_adder_15__209: full_adder_15
and2_16__39: and2_16
divider16_10: divider16_10
full_adder_15__148: full_adder_15
and2_16__65: and2_16
logic__1090: logic__18
full_adder_15__13: full_adder_15
mux2_5__36: mux2_5
logic__344: logic__19
mux4_4__33: mux4_4
logic__1054: logic__18
full_adder_15__273: full_adder_15
logic__552: logic
logic__923: logic__1
logic__129: logic__19
logic__485: logic__1
mux2_5__252: mux2_5
logic__592: logic
logic__1042: logic
mux2_5__226: mux2_5
logic__746: logic
logic__808: logic
logic__461: logic__1
mux2_5__293: mux2_5
logic__701: logic__1
logic__974: logic
logic__351: logic__19
mux2_5__242: mux2_5
mux2_5__163: mux2_5
logic__1048: logic
logic__901: logic__1
full_adder_15__287: full_adder_15
mux2_5__266: mux2_5
and2_16__25: and2_16
full_adder_15__301: full_adder_15
logic__623: logic__1
logic__1005: logic__25
mux2_5__64: mux2_5
logic__310: logic__19
logic__1074: logic__18
logic__1029: logic__1
logic__221: logic__19
xor2_19__13: xor2_19
logic__921: logic__1
logic__360: logic__19
and2_16__121: and2_16
full_adder_15__210: full_adder_15
logic__784: logic
and2_16__27: and2_16
mux2_5__110: mux2_5
logic__798: logic
logic__298: logic__19
mux2_5__129: mux2_5
case__4: case__4
logic__716: logic
logic__311: logic__19
logic__741: logic__1
full_adder_15__44: full_adder_15
full_adder_15__304: full_adder_15
mux2_5__148: mux2_5
logic__543: logic__1
mux2_5__29: mux2_5
mux2_5__82: mux2_5
logic__128: logic__19
full_adder_15__17: full_adder_15
mux2_5__68: mux2_5
logic__591: logic__1
logic__870: logic
logic__354: logic__19
logic__94: logic__19
logic__825: logic__1
logic__179: logic__19
logic__790: logic
logic__515: logic__1
mux2_5__24: mux2_5
logic__657: logic__1
logic__841: logic__1
and2_16__15: and2_16
logic__913: logic__1
logic__216: logic__19
mux2_5__153: mux2_5
logic__1070: logic__18
full_adder_15__112: full_adder_15
basic_add16_17__1: basic_add16_17
logic__1093: logic__18
and2_16__63: and2_16
full_adder_15__297: full_adder_15
logic__72: logic__25
logic__59: logic
logic__640: logic
logic__150: logic__19
logic__1141: logic__18
full_adder_15__153: full_adder_15
full_adder_15__240: full_adder_15
logic__821: logic__1
logic__426: logic
logic__254: logic__19
logic__342: logic__19
logic__588: logic
and2_16__96: and2_16
xor2_19__54: xor2_19
and2_16__70: and2_16
and2_16__29: and2_16
logic__869: logic__1
and2_16__6: and2_16
xor2_19__57: xor2_19
logic__631: logic__1
xor2_19__38: xor2_19
mux2_5__288: mux2_5
and2_16__48: and2_16
full_adder_15__30: full_adder_15
logic__1030: logic
logic__214: logic__19
full_adder_15__144: full_adder_15
logic__492: logic
logic__82: logic__19
logic__555: logic__1
full_adder_15__256: full_adder_15
full_adder_15__58: full_adder_15
case__2: case__2
logic__337: logic__19
logic__976: logic
mux2_5__216: mux2_5
and2_16__112: and2_16
full_adder_15__34: full_adder_15
mux2_5__164: mux2_5
full_adder_15__118: full_adder_15
and2_16__20: and2_16
xor2_19__47: xor2_19
shifter16_9: shifter16_9
and2_16__86: and2_16
full_adder_15__197: full_adder_15
logic__384: logic__19
logic__586: logic
logic__1138: logic__18
reset_conditioner_3: reset_conditioner_3
logic__231: logic__19
logic__1167: logic__18
full_adder_15__215: full_adder_15
logic__297: logic__19
logic__202: logic__19
logic__715: logic__1
full_adder_15__35: full_adder_15
mux2_5__2: mux2_5
logic__801: logic__1
logic__1087: logic__18
logic__962: logic__25
logic__24: logic__24
logic__1198: logic__18
logic__406: logic__25
full_adder_15__97: full_adder_15
full_adder_15__227: full_adder_15
full_adder_15__194: full_adder_15
full_adder_15__173: full_adder_15
logic__266: logic__19
logic__364: logic__19
logic__132: logic__19
and2_16__145: and2_16
logic__624: logic
mux2_5__174: mux2_5
xor2_19__3: xor2_19
full_adder_15__77: full_adder_15
full_adder_15__263: full_adder_15
logic__160: logic__19
logic__486: logic
mux2_5__298: mux2_5
logic__1158: logic__18
logic__99: logic__19
logic__1067: logic__18
full_adder_15__59: full_adder_15
full_adder_15__20: full_adder_15
logic__1025: logic__1
mux2_5__176: mux2_5
counter_12: counter_12
full_adder_15__145: full_adder_15
logic__711: logic__1
and2_16__19: and2_16
logic__600: logic
logic__156: logic__19
mux2_5__13: mux2_5
mux2_5__314: mux2_5
logic__1075: logic__18
mux2_5__258: mux2_5
mux2_5__50: mux2_5
full_adder_15__223: full_adder_15
logic__945: logic__1
logic__380: logic__19
mux2_5__76: mux2_5
logic__222: logic__19
logic__864: logic
logic__140: logic__19
logic__783: logic__1
logic__1149: logic__18
mux2_5__171: mux2_5
logic__1127: logic__18
basic_add16_17__12: basic_add16_17
and2_16__11: and2_16
logic__393: logic__19
logic__249: logic__19
logic__502: logic
logic__195: logic__19
mux2_5__280: mux2_5
case__6: case__6
and2_16__14: and2_16
mux2_5__306: mux2_5
and2_16__54: and2_16
logic__251: logic__19
mux4_4__16: mux4_4
logic__929: logic__1
full_adder_15__161: full_adder_15
logic__734: logic
full_adder_15__229: full_adder_15
logic__753: logic__1
logic__1110: logic__18
and2_16__41: and2_16
logic__309: logic__19
and2_16__22: and2_16
logic__523: logic__1
mux2_5__218: mux2_5
and2_16__133: and2_16
dsp48e1: dsp48e1
logic__1114: logic__18
logic__522: logic
logic__979: logic__1
logic__262: logic__19
full_adder_15__100: full_adder_15
logic__488: logic
full_adder_15__103: full_adder_15
and2_16__137: and2_16
logic__193: logic__19
logic__562: logic
mux2_5__136: mux2_5
xor2_19__33: xor2_19
logic__983: logic__1
mux2_5__224: mux2_5
and2_16__47: and2_16
logic__1020: logic
logic__247: logic__19
logic__212: logic__19
case__12: case__12
and2_16__146: and2_16
logic__580: logic
logic__1101: logic__18
logic__1062: logic__18
full_adder_15__275: full_adder_15
logic__371: logic__19
full_adder_15__33: full_adder_15
logic__828: logic
logic__581: logic__1
mux2_5__80: mux2_5
mux2_5__85: mux2_5
logic__764: logic
logic__733: logic__1
and2_16__35: and2_16
logic__122: logic__25
logic__62: logic__25
full_adder_15__52: full_adder_15
mux2_5__162: mux2_5
mux2_5__25: mux2_5
xor2_19__46: xor2_19
full_adder_15__53: full_adder_15
mux2_5__209: mux2_5
mux2_5__61: mux2_5
and2_16__61: and2_16
mux2_5__322: mux2_5
logic__970: logic__25
logic__1115: logic__18
mux2_5__187: mux2_5
logic__295: logic__19
mux2_5__126: mux2_5
logic__1184: logic__18
logic__1172: logic__18
mux2_5__99: mux2_5
and2_16__66: and2_16
logic__1145: logic__18
logic__362: logic__19
logic__822: logic
mux2_5__17: mux2_5
logic__897: logic__1
logic__908: logic
xor2_19__19: xor2_19
logic__48: logic__1
logic__871: logic__1
mux2_5__113: mux2_5
full_adder_15__88: full_adder_15
logic__891: logic__1
logic__107: logic__19
logic__302: logic__19
logic__453: logic__1
logic__987: logic__1
xor2_19__28: xor2_19
mux2_5__57: mux2_5
full_adder_15__213: full_adder_15
logic__434: logic
logic__671: logic__1
logic__594: logic
and2_16__78: and2_16
xor2_19__35: xor2_19
xor2_19__43: xor2_19
full_adder_15__98: full_adder_15
logic__1132: logic__18
logic__374: logic__19
mux2_5__208: mux2_5
full_adder_15__293: full_adder_15
logic__700: logic
logic__1033: logic__1
logic__505: logic__1
logic__1177: logic__18
logic__930: logic
logic__1028: logic
logic__219: logic__19
and2_16__115: and2_16
logic__125: logic__19
logic__880: logic
logic__32: logic__32
mux2_5__219: mux2_5
mux2_5__197: mux2_5
two_compliment16_18__2: two_compliment16_18
logic__642: logic
and2_16__122: and2_16
logic__1076: logic__18
full_adder_15__70: full_adder_15
full_adder_15__217: full_adder_15
and2_16__97: and2_16
logic__102: logic__19
logic__544: logic
mux2_5__285: mux2_5
logic__760: logic
full_adder_15__235: full_adder_15
mux2_5__28: mux2_5
logic__451: logic__1
full_adder_15__142: full_adder_15
xor2_19__23: xor2_19
logic__669: logic__1
and2_16__105: and2_16
basic_add16_17__2: basic_add16_17
mux4_4__34: mux4_4
full_adder_15__187: full_adder_15
logic__96: logic__19
logic__330: logic__19
full_adder_15__101: full_adder_15
logic__533: logic__1
logic__290: logic__19
logic__268: logic__19
mux2_5__239: mux2_5
logic__1032: logic
mux2_5__177: mux2_5
mux2_5__122: mux2_5
logic__315: logic__19
mux4_4__26: mux4_4
logic__292: logic__19
mux2_5__124: mux2_5
logic__1003: logic__25
logic__170: logic__19
logic__338: logic__19
full_adder_15__270: full_adder_15
logic__637: logic__1
and2_16__132: and2_16
full_adder_15__133: full_adder_15
logic__424: logic
logic__1113: logic__18
full_adder_15__79: full_adder_15
mux2_5__200: mux2_5
full_adder_15__62: full_adder_15
logic__1039: logic__1
logic__835: logic__1
logic__758: logic
logic__312: logic__19
adder16_6: adder16_6
full_adder_15__261: full_adder_15
logic__471: logic__1
logic__1191: logic__18
logic__852: logic
logic__920: logic
logic__280: logic__19
logic__1194: logic__18
logic__1097: logic__18
logic__109: logic__19
mux2_5__20: mux2_5
mux2_5__316: mux2_5
logic__686: logic
logic__410: logic__25
full_adder_15__292: full_adder_15
logic__1099: logic__18
logic__499: logic__1
logic__144: logic__19
mux4_4__12: mux4_4
logic__80: logic__19
logic__281: logic__19
mux2_5__56: mux2_5
logic__180: logic__19
logic__1129: logic__18
logic__792: logic
mux2_5__233: mux2_5
logic__660: logic
logic__989: logic__1
basic_add16_17__10: basic_add16_17
and2_16__16: and2_16
mux2_5__72: mux2_5
logic__181: logic__19
logic__1136: logic__18
xor2_19__5: xor2_19
logic__990: logic
basic_add16_17__3: basic_add16_17
full_adder_15__162: full_adder_15
and2_16__1: and2_16
logic__738: logic
logic__444: logic
full_adder_15__111: full_adder_15
logic__754: logic
mux2_5__75: mux2_5
logic__881: logic__1
logic__607: logic__1
mux2_5__283: mux2_5
logic__833: logic__1
mux2_5__254: mux2_5
mux2_5__87: mux2_5
logic__509: logic__1
logic__91: logic__19
full_adder_15__199: full_adder_15
mux2_5__3: mux2_5
logic__999: logic__1
logic__972: logic
full_adder_15__274: full_adder_15
full_adder_15__284: full_adder_15
logic__516: logic
mux2_5__275: mux2_5
mux2_5__150: mux2_5
logic__888: logic
logic__81: logic__19
mux2_5__229: mux2_5
logic__813: logic__1
and2_16__13: and2_16
and2_16__81: and2_16
logic__859: logic__1
logic__723: logic__1
logic__415: logic__1
and2_16__60: and2_16
full_adder_15__69: full_adder_15
logic__731: logic__1
full_adder_15__123: full_adder_15
logic__184: logic__19
full_adder_15__230: full_adder_15
mux2_5__98: mux2_5
xor2_19__37: xor2_19
logic__296: logic__19
logic__210: logic__19
and2_16__2: and2_16
logic__643: logic__1
logic__126: logic__19
mux2_5__312: mux2_5
logic__253: logic__19
full_adder_15__224: full_adder_15
logic__121: logic__19
logic__542: logic
logic__428: logic
full_adder_15__191: full_adder_15
logic__652: logic
logic__561: logic__1
full_adder_15__71: full_adder_15
mux2_5__89: mux2_5
logic__141: logic__19
logic__265: logic__19
mux2_5__119: mux2_5
logic__335: logic__19
mux2_5__225: mux2_5
mux2_5__205: mux2_5
full_adder_15__218: full_adder_15
logic__1094: logic__18
logic__50: logic__1
full_adder_15__172: full_adder_15
full_adder_15__82: full_adder_15
case: case
logic__111: logic__19
logic__145: logic__19
logic__215: logic__19
logic__1125: logic__18
full_adder_15__36: full_adder_15
mux4_4__1: mux4_4
full_adder_15__220: full_adder_15
mux2_5__318: mux2_5
basic_add16_17__4: basic_add16_17
and2_16__107: and2_16
mux2_5__7: mux2_5
mux2_5__160: mux2_5
logic__914: logic
logic__517: logic__1
logic__690: logic
mux2_5__95: mux2_5
logic__240: logic__19
mux2_5__108: mux2_5
logic__88: logic__19
mux2_5__62: mux2_5
dsp48e1__1: dsp48e1__1
full_adder_15__61: full_adder_15
logic__288: logic__19
logic__558: logic
and2_16__88: and2_16
full_adder_15__289: full_adder_15
full_adder_15__267: full_adder_15
full_adder_15__40: full_adder_15
logic__75: logic__19
full_adder_15__3: full_adder_15
mux2_5__286: mux2_5
and2_16__139: and2_16
logic__718: logic
mux2_5__158: mux2_5
logic__717: logic__1
logic__827: logic__1
logic__1019: logic__1
mux2_5__149: mux2_5
logic__1197: logic__18
logic__405: logic__25
and2_16__75: and2_16
logic__473: logic__1
full_adder_15__2: full_adder_15
mux4_4__20: mux4_4
full_adder_15__205: full_adder_15
and2_16__53: and2_16
full_adder_15__181: full_adder_15
logic__1159: logic__18
mux2_5__161: mux2_5
logic__436: logic
logic__64: logic__25
full_adder_15__307: full_adder_15
full_adder_15__105: full_adder_15
full_adder_15__296: full_adder_15
and2_16__111: and2_16
logic__843: logic__1
logic__397: logic__19
logic__287: logic__19
mux2_5__199: mux2_5
full_adder_15__252: full_adder_15
logic__644: logic
logic__1147: logic__18
full_adder_15__74: full_adder_15
mux2_5__88: mux2_5
mux2_5__128: mux2_5
mux4_4__30: mux4_4
mux2_5__27: mux2_5
mux2_5__313: mux2_5
mux2_5__270: mux2_5
logic__885: logic__1
mux2_5__131: mux2_5
logic__1057: logic__18
mux2_5__315: mux2_5
logic__246: logic__19
mux2_5__250: mux2_5
mux2_5__114: mux2_5
mux2_5__159: mux2_5
logic__226: logic__19
mux2_5__133: mux2_5
logic__1155: logic__18
mux2_5__290: mux2_5
logic__966: logic__25
full_adder_15__278: full_adder_15
xor2_19__16: xor2_19
logic__98: logic__19
case__1: case__1
full_adder_15__167: full_adder_15
logic__1162: logic__18
logic__1091: logic__18
logic__766: logic
full_adder_15__189: full_adder_15
mux2_5__51: mux2_5
logic__882: logic
logic__275: logic__19
logic__995: logic__1
logic__106: logic__19
logic__630: logic
logic__645: logic__1
mux2_5__169: mux2_5
full_adder_15__26: full_adder_15
and2_16__123: and2_16
logic__142: logic__19
mux2_5__172: mux2_5
mux2_5__204: mux2_5
logic__365: logic__19
logic__166: logic__19
logic__577: logic__1
logic__1098: logic__18
logic__667: logic__1
logic__491: logic__1
logic__267: logic__19
and2_16__103: and2_16
logic__545: logic__1
logic__355: logic__19
mux2_5__139: mux2_5
full_adder_15__66: full_adder_15
mux2_5__193: mux2_5
logic__553: logic__1
and2_16__147: and2_16
logic__63: logic__25
mux2_5__59: mux2_5
logic__603: logic__1
mux2_5__194: mux2_5
mux2_5__263: mux2_5
mux2_5__41: mux2_5
logic__395: logic__19
mux2_5__60: mux2_5
mux2_5__165: mux2_5
logic__735: logic__1
mux2_5__107: mux2_5
and2_16__90: and2_16
and2_16__114: and2_16
logic__507: logic__1
logic__675: logic__1
mux2_5__125: mux2_5
and2_16__135: and2_16
logic__832: logic
mux4_4__44: mux4_4
xor2_19__52: xor2_19
logic__1118: logic__18
logic__1142: logic__18
logic__1053: logic__18
logic__387: logic__19
mux2_5__267: mux2_5
logic__325: logic__19
logic__697: logic__1
logic__25: logic__25
logic__495: logic__1
logic__204: logic__19
full_adder_15__16: full_adder_15
and2_16__5: and2_16
logic__389: logic__19
mux2_5__190: mux2_5
full_adder_15__28: full_adder_15
dsp48e1__6: dsp48e1__6
mux4_4__22: mux4_4
mux2_5__230: mux2_5
logic__391: logic__19
multiplier16_7: multiplier16_7
mux2_5__227: mux2_5
mux2_5__132: mux2_5
logic__1126: logic__18
mux2_5__297: mux2_5
full_adder_15__294: full_adder_15
mux2_5__182: mux2_5
mux2_5__175: mux2_5
mux2_5__257: mux2_5
full_adder_15__244: full_adder_15
and2_16__84: and2_16
full_adder_15__174: full_adder_15
logic__666: logic
mux2_5__40: mux2_5
logic__1089: logic__18
full_adder_15__137: full_adder_15
and2_16__127: and2_16
logic__704: logic
logic__138: logic__19
logic__524: logic
logic__585: logic__1
logic__190: logic__19
logic__893: logic__1
and2_16__28: and2_16
mux2_5__52: mux2_5
mux2_5__304: mux2_5
mux2_5__170: mux2_5
full_adder_15__154: full_adder_15
logic__1014: logic__25
logic__176: logic__19
mux2_5__79: mux2_5
logic__563: logic__1
case__15: case__15
logic__110: logic__19
logic__1061: logic__18
logic__61: logic__25
logic__53: logic
logic__1130: logic__18
full_adder_15__306: full_adder_15
logic__462: logic
logic__609: logic__1
logic__366: logic__19
logic__1001: logic__1
logic__306: logic__19
full_adder_15__67: full_adder_15
case__8: case__8
logic__765: logic__1
xor2_19__60: xor2_19
logic__1135: logic__18
full_adder_15__308: full_adder_15
logic__241: logic__19
mux2_5__185: mux2_5
logic__606: logic
and2_16__89: and2_16
mux2_5__311: mux2_5
mux2_5__166: mux2_5
logic__418: logic
mux2_5__1: mux2_5
mux4_4__21: mux4_4
logic__730: logic
logic__649: logic__1
logic__1116: logic__18
case__10: case__10
and2_16__94: and2_16
mux2_5__156: mux2_5
and2_16: and2_16
logic__483: logic__1
logic__837: logic__1
full_adder_15__32: full_adder_15
logic__258: logic__19
full_adder_15__109: full_adder_15
logic__370: logic__19
logic__939: logic__1
logic__633: logic__1
mux2_5__181: mux2_5
logic__304: logic__19
logic__1196: logic__18
logic__435: logic__1
mux2_5__140: mux2_5
mux2_5__273: mux2_5
and2_16__109: and2_16
logic__500: logic
logic__1031: logic__1
logic__67: logic__25
full_adder_15__136: full_adder_15
logic__1163: logic__18
logic__271: logic__19
full_adder_15__286: full_adder_15
logic__691: logic__1
logic__69: logic__25
compare16_11: compare16_11
logic__508: logic
logic__285: logic__19
logic__767: logic__1
mux2_5__18: mux2_5
mux2_5__310: mux2_5
full_adder_15__271: full_adder_15
logic__400: logic__25
logic__191: logic__19
logic__628: logic
full_adder_15__241: full_adder_15
mux2_5__33: mux2_5
logic__836: logic
logic__769: logic__1
xor2_19__55: xor2_19
logic__1081: logic__18
logic__710: logic
logic__1148: logic__18
and2_16__140: and2_16
logic__759: logic__1
logic__390: logic__19
and2_16__32: and2_16
logic__699: logic__1
logic__1122: logic__18
logic__18: logic__18
and2_16__101: and2_16
logic__899: logic__1
and2_16__7: and2_16
logic__761: logic__1
logic__554: logic
full_adder_15__186: full_adder_15
full_adder_15__86: full_adder_15
logic__926: logic
logic__412: logic__25
full_adder_15__37: full_adder_15
full_adder_15__90: full_adder_15
logic__840: logic
mux2_5__319: mux2_5
logic__1021: logic__1
full_adder_15__128: full_adder_15
logic__568: logic
full_adder_15__9: full_adder_15
mux2_5__23: mux2_5
logic__367: logic__19
xor2_19__36: xor2_19
mux2_5__154: mux2_5
full_adder_15__208: full_adder_15
logic__752: logic
mux2_5__264: mux2_5
logic__416: logic
logic__1164: logic__18
logic__477: logic__1
logic__978: logic
logic__286: logic__19
logic__385: logic__19
logic__289: logic__19
and2_16__120: and2_16
logic__185: logic__19
logic__427: logic__1
and2_16__4: and2_16
mux2_5__47: mux2_5
logic__684: logic
logic__101: logic__19
logic__300: logic__19
and2_16__141: and2_16
logic__1055: logic__18
logic__327: logic__19
logic__1123: logic__18
and2_16__144: and2_16
logic__1058: logic__18
and2_16__45: and2_16
logic__403: logic__25
mux2_5__191: mux2_5
logic__911: logic__1
logic__838: logic
mux2_5__206: mux2_5
logic__518: logic
full_adder_15__73: full_adder_15
logic__839: logic__1
logic__596: logic
mux4_4__2: mux4_4
logic__357: logic__19
logic__414: logic
and2_16__17: and2_16
logic__967: logic__25
mux2_5__309: mux2_5
logic__942: logic
logic__1035: logic__1
mux2_5__184: mux2_5
and2_16__116: and2_16
logic__465: logic__1
full_adder_15__177: full_adder_15
logic__478: logic
xor2_19__18: xor2_19
mux2_5__221: mux2_5
logic__819: logic__1
logic__340: logic__19
mux2_5__44: mux2_5
logic__1117: logic__18
logic__996: logic
mux2_5__249: mux2_5
logic__1188: logic__18
logic__757: logic__1
logic__935: logic__1
logic__527: logic__1
logic__824: logic
full_adder_15__185: full_adder_15
logic__49: logic
and2_16__73: and2_16
logic__809: logic__1
logic__353: logic__19
logic__963: logic__25
mux2_5__180: mux2_5
logic__548: logic
logic__854: logic
and2_16__10: and2_16
mux2_5__19: mux2_5
logic__1156: logic__18
logic__356: logic__19
logic__956: logic__25
full_adder_15__202: full_adder_15
logic__546: logic
logic__115: logic__19
logic__1088: logic__18
logic__494: logic
logic__1049: logic__1
logic__1004: logic__25
mux2_5__241: mux2_5
logic__779: logic__1
full_adder_15__163: full_adder_15
basic_add16_17__17: basic_add16_17
mux2_5__86: mux2_5
logic__467: logic__1
full_adder_15__298: full_adder_15
logic__574: logic
logic__334: logic__19
logic__549: logic__1
mux2_5__223: mux2_5
logic__1175: logic__18
mux4_4__10: mux4_4
logic__512: logic
logic__1010: logic__25
and2_16__99: and2_16
logic__206: logic__19
logic__1174: logic__18
logic__511: logic__1
xor2_19__59: xor2_19
logic__255: logic__19
logic__653: logic__1
logic__986: logic
full_adder_15__204: full_adder_15
logic__158: logic__19
and2_16__143: and2_16
logic__474: logic
full_adder_15__89: full_adder_15
full_adder_15__127: full_adder_15
case__14: case__14
mux2_5__39: mux2_5
logic__873: logic__1
logic__28: logic__28
mux2_5__71: mux2_5
case__16: case__16
logic__805: logic__1
logic__1068: logic__18
logic__724: logic
logic__29: logic__29
full_adder_15__203: full_adder_15
logic__892: logic
full_adder_15__11: full_adder_15
mux2_5__145: mux2_5
full_adder_15__169: full_adder_15
logic__274: logic__19
mux2_5__214: mux2_5
mux2_5__201: mux2_5
and2_16__125: and2_16
logic__895: logic__1
logic__526: logic
logic__866: logic
logic__800: logic
mux2_5__203: mux2_5
logic__233: logic__19
logic__590: logic
full_adder_15__225: full_adder_15
logic__1124: logic__18
full_adder_15__8: full_adder_15
full_adder_15__249: full_adder_15
logic__404: logic__25
logic__532: logic
logic__1060: logic__18
logic__52: logic__1
mux4_4: mux4_4
full_adder_15__276: full_adder_15
logic__928: logic
logic__386: logic__19
mux2_5__45: mux2_5
logic__867: logic__1
logic__293: logic__19
logic__201: logic__19
logic__1092: logic__18
mux2_5__109: mux2_5
logic__480: logic
logic__587: logic__1
mux2_5__186: mux2_5
mux2_5__127: mux2_5
logic__1038: logic
logic__981: logic__1
mux2_5__259: mux2_5
mux2_5__26: mux2_5
mux2_5__6: mux2_5
logic__450: logic
logic__1040: logic
logic__187: logic__19
full_adder_15__75: full_adder_15
mux2_5__135: mux2_5
mux2_5__294: mux2_5
logic__958: logic__25
logic__155: logic__19
full_adder_15__31: full_adder_15
logic__205: logic__19
full_adder_15__115: full_adder_15
logic__910: logic
logic__347: logic__19
logic__209: logic__19
logic__363: logic__19
mux2_5__83: mux2_5
full_adder_15__180: full_adder_15
xor2_19__1: xor2_19
logic__789: logic__1
logic__1085: logic__18
logic__411: logic__25
and2_16__51: and2_16
mux2_5: mux2_5
logic__146: logic__19
logic__1045: logic__1
mux2_5__238: mux2_5
logic__610: logic
and2_16__56: and2_16
mux4_4__47: mux4_4
boolean16_8: boolean16_8
full_adder_15__23: full_adder_15
logic__19: logic__19
logic__614: logic
and2_16__130: and2_16
logic__616: logic
full_adder_15__38: full_adder_15
mux4_4__29: mux4_4
logic__308: logic__19
logic__639: logic__1
mux4_4__48: mux4_4
mux2_5__245: mux2_5
logic__905: logic__1
logic__446: logic
logic__847: logic__1
logic__739: logic__1
mux4_4__42: mux4_4
full_adder_15__113: full_adder_15
alu_1: alu_1
logic__1186: logic__18
and2_16__69: and2_16
logic__429: logic__1
logic__27: logic__27
logic__348: logic__19
logic__744: logic
logic__131: logic__19
mux2_5__103: mux2_5
logic__951: logic__1
logic__460: logic
mux2_5__305: mux2_5
logic__455: logic__1
mux2_5__37: mux2_5
logic__394: logic__19
logic__953: logic__1
logic__463: logic__1
mux2_5__278: mux2_5
logic__689: logic__1
logic__902: logic
logic__136: logic__19
logic__307: logic__19
logic__778: logic
logic__992: logic
mux2_5__123: mux2_5
mux2_5__74: mux2_5
mux2_5__256: mux2_5
logic__273: logic__19
logic__341: logic__19
logic__845: logic__1
mux2_5__260: mux2_5
logic__559: logic__1
mux2_5__220: mux2_5
full_adder_15__309: full_adder_15
logic__317: logic__19
logic__383: logic__19
logic__1052: logic__18
logic__707: logic__1
logic__40: logic__40
mux2_5__117: mux2_5
logic__26: logic__26
mux2_5__67: mux2_5
logic__328: logic__19
logic__619: logic__1
logic__1153: logic__18
logic__103: logic__19
logic__952: logic
and2_16__102: and2_16
full_adder_15__18: full_adder_15
logic__534: logic
mux2_5__192: mux2_5
logic__112: logic__19
logic__1064: logic__18
xor2_19__4: xor2_19
logic__954: logic
logic__85: logic__19
logic__793: logic__1
logic__750: logic
logic__283: logic__19
full_adder_15__150: full_adder_15
logic__692: logic
logic__702: logic
full_adder_15__238: full_adder_15
mux2_5__308: mux2_5
mux2_5__321: mux2_5
logic__713: logic__1
xor2_19__12: xor2_19
and2_16__93: and2_16
full_adder_15__198: full_adder_15
logic__641: logic__1
logic__650: logic
full_adder_15__164: full_adder_15
logic__447: logic__1
and2_16__71: and2_16
case__3: case__3
full_adder_15__81: full_adder_15
logic__799: logic__1
mux2_5__276: mux2_5
mux2_5__243: mux2_5
logic__1190: logic__18
logic__823: logic__1
logic__401: logic__25
logic__949: logic__1
full_adder_15__200: full_adder_15
full_adder_15__212: full_adder_15
logic__531: logic__1
full_adder_15__134: full_adder_15
logic__336: logic__19
logic__566: logic
logic__459: logic__1
logic__1018: logic__25
full_adder_15__48: full_adder_15
logic__887: logic__1
full_adder_15__19: full_adder_15
xor2_19__2: xor2_19
mux2_5__195: mux2_5
mux2_5__246: mux2_5
full_adder_15__188: full_adder_15
logic__1024: logic
full_adder_15__228: full_adder_15
logic__269: logic__19
logic__284: logic__19
two_compliment16_18__1: two_compliment16_18
mux2_5__262: mux2_5
logic__10: logic__10
full_adder_15__221: full_adder_15
logic__1027: logic__1
logic__1036: logic
xor2_19__9: xor2_19
logic__622: logic
and2_16__113: and2_16
xor2_19__50: xor2_19
logic__879: logic__1
logic__501: logic__1
logic__894: logic
logic__242: logic__19
logic__449: logic__1
logic__834: logic
logic__1009: logic__25
logic__863: logic__1
counter: counter
logic__1080: logic__18
logic__1012: logic__25
logic__851: logic__1
logic__234: logic__19
mux4_4__6: mux4_4
logic__1128: logic__18
logic__105: logic__19
two_compliment16_18: two_compliment16_18
mux2_5__248: mux2_5
logic__772: logic
logic__661: logic__1
xor2_19__30: xor2_19
logic__228: logic__19
xor2_19__31: xor2_19
logic__1108: logic__18
mux2_5__42: mux2_5
logic__597: logic__1
logic__171: logic__19
logic__915: logic__1
mux2_5__183: mux2_5
full_adder_15__68: full_adder_15
full_adder_15__196: full_adder_15
logic__86: logic__19
full_adder_15__106: full_adder_15
full_adder_15__99: full_adder_15
mux2_5__179: mux2_5
logic__1078: logic__18
logic__223: logic__19
full_adder_15__54: full_adder_15
mux4_4__8: mux4_4
logic__997: logic__1
logic__203: logic__19
logic__1011: logic__25
full_adder_15__95: full_adder_15
logic__948: logic
full_adder_15__80: full_adder_15
logic__108: logic__19
xor2_19__20: xor2_19
logic__654: logic
logic__279: logic__19
logic__762: logic
logic__655: logic__1
full_adder_15__51: full_adder_15
logic__225: logic__19
logic__886: logic
logic__856: logic
full_adder_15__305: full_adder_15
logic__927: logic__1
logic__476: logic
logic__807: logic__1
logic__1023: logic__1
logic__257: logic__19
logic__326: logic__19
logic__857: logic__1
logic__612: logic
full_adder_15__91: full_adder_15
logic__413: logic__1
logic__1069: logic__18
logic__182: logic__19
xor2_19__8: xor2_19
logic__84: logic__19
mux4_4__28: mux4_4
logic__1137: logic__18
and2_16__38: and2_16
mux2_5__97: mux2_5
full_adder_15__222: full_adder_15
logic__443: logic__1
xor2_19__10: xor2_19
mux2_5__301: mux2_5
logic__572: logic
logic__712: logic
mux4_4__18: mux4_4
full_adder_15__92: full_adder_15
logic__780: logic
logic__116: logic__19
full_adder_15__22: full_adder_15
full_adder_15__239: full_adder_15
mux2_5__303: mux2_5
full_adder_15__156: full_adder_15
logic__936: logic
logic__510: logic
mux2_5__168: mux2_5
logic__742: logic
logic__1189: logic__18
logic__1192: logic__18
logic__884: logic
logic__1195: logic__18
logic__909: logic__1
logic__497: logic__1
full_adder_15__143: full_adder_15
xor2_19__29: xor2_19
logic__408: logic__25
logic__256: logic__19
logic__83: logic__19
mux2_5__8: mux2_5
full_adder_15__160: full_adder_15
logic__595: logic__1
mux2_5__48: mux2_5
full_adder_15__46: full_adder_15
full_adder_15__83: full_adder_15
and2_16__108: and2_16
mux2_5__207: mux2_5
logic__876: logic
and2_16__129: and2_16
full_adder_15__250: full_adder_15
logic__584: logic
and2_16__57: and2_16
logic__1072: logic__18
full_adder_15__300: full_adder_15
logic__68: logic__25
logic__613: logic__1
mux4_4__23: mux4_4
logic__725: logic__1
full_adder_15__10: full_adder_15
logic__376: logic__19
logic__955: logic__25
full_adder_15__39: full_adder_15
logic__679: logic__1
logic__737: logic__1
and2_16__42: and2_16
logic__693: logic__1
xor2_19__14: xor2_19
logic__379: logic__19
logic__1007: logic__25
logic__944: logic
logic__481: logic__1
logic__732: logic
logic__120: logic__19
logic__708: logic
logic__277: logic__19
logic__484: logic
logic__369: logic__19
logic__232: logic__19
logic__620: logic
logic__771: logic__1
mux4_4__24: mux4_4
mux2_5__120: mux2_5
logic__565: logic__1
mux2_5__30: mux2_5
logic__1022: logic
mux2_5__271: mux2_5
logic__1043: logic__1
full_adder_15__285: full_adder_15
logic__168: logic__19
basic_add16_17__16: basic_add16_17
logic__322: logic__19
logic__535: logic__1
mux2_5__302: mux2_5
and2_16__128: and2_16
logic__571: logic__1
full_adder_15__175: full_adder_15
basic_add16_17__13: basic_add16_17
logic__238: logic__19
equal16_13: equal16_13
logic__844: logic
full_adder_15__24: full_adder_15
logic__598: logic
full_adder_15__102: full_adder_15
logic__537: logic__1
full_adder_15__152: full_adder_15
full_adder_15__25: full_adder_15
mux2_5__213: mux2_5
and2_16__91: and2_16
logic__162: logic__19
logic__573: logic__1
mux2_5__167: mux2_5
logic__525: logic__1
logic__1143: logic__18
and2_16__138: and2_16
full_adder_15__247: full_adder_15
full_adder_15__253: full_adder_15
logic__420: logic
logic__489: logic__1
logic__1146: logic__18
logic__1120: logic__18
and2_16__31: and2_16
logic__1: logic__1
logic__651: logic__1
logic__186: logic__19
and2_16__100: and2_16
mux2_5__202: mux2_5
logic__802: logic
logic__78: logic__19
logic__720: logic
xor2_19__40: xor2_19
mux2_5__101: mux2_5
logic__787: logic__1
and2_16__104: and2_16
xor2_19__41: xor2_19
full_adder_15__5: full_adder_15
logic__472: logic
full_adder_15__130: full_adder_15
logic__1016: logic__25
full_adder_15__129: full_adder_15
logic__236: logic__19
and2_16__58: and2_16
full_adder_15__279: full_adder_15
logic__252: logic__19
logic__672: logic
logic__1161: logic__18
logic__229: logic__19
logic__674: logic
logic__703: logic__1
logic__878: logic
mux2_5__217: mux2_5
logic__87: logic__19
full_adder_15__258: full_adder_15
logic__259: logic__19
logic__694: logic
logic__316: logic__19
logic__1180: logic__18
logic__1037: logic__1
full_adder_15__281: full_adder_15
autotester_2__GB1: autotester_2__GB1
full_adder_15__288: full_adder_15
logic__1183: logic__18
mux4_4__19: mux4_4
logic__740: logic
mux2_5__43: mux2_5
logic__119: logic__19
mux2_5__284: mux2_5
logic__714: logic
full_adder_15__303: full_adder_15
full_adder_15__87: full_adder_15
full_adder_15__178: full_adder_15
